[E 261002 06:29:20 smartWebSocketV2:87] Invalid initialization parameters. Provide valid values for all the tokens.
[W 261002 06:41:51 smartWebSocketV2:318] Attempting to resubscribe/reconnect (Attempt 1)...
[W 261002 06:41:55 smartWebSocketV2:318] Attempting to resubscribe/reconnect (Attempt 2)...
[W 261002 06:46:22 smartWebSocketV2:318] Attempting to resubscribe/reconnect (Attempt 1)...
[W 261002 06:46:32 smartWebSocketV2:318] Attempting to resubscribe/reconnect (Attempt 2)...
[W 261002 06:46:42 smartWebSocketV2:318] Attempting to resubscribe/reconnect (Attempt 3)...
[W 261002 06:46:45 smartWebSocketV2:318] Attempting to resubscribe/reconnect (Attempt 4)...
[W 261002 06:46:47 smartWebSocketV2:318] Attempting to resubscribe/reconnect (Attempt 5)...
[W 261002 06:46:47 smartWebSocketV2:342] Connection closed due to max retry attempts reached.
[W 261002 06:47:12 smartWebSocketV2:318] Attempting to resubscribe/reconnect (Attempt 1)...
[W 261002 06:47:20 smartWebSocketV2:318] Attempting to resubscribe/reconnect (Attempt 2)...
[W 261002 06:48:38 smartWebSocketV2:318] Attempting to resubscribe/reconnect (Attempt 1)...
[W 261002 06:48:48 smartWebSocketV2:318] Attempting to resubscribe/reconnect (Attempt 2)...
[W 261002 06:48:58 smartWebSocketV2:318] Attempting to resubscribe/reconnect (Attempt 3)...
[W 261002 06:48:59 smartWebSocketV2:318] Attempting to resubscribe/reconnect (Attempt 4)...
[W 261002 06:49:09 smartWebSocketV2:318] Attempting to resubscribe/reconnect (Attempt 5)...
[W 261002 06:49:20 smartWebSocketV2:342] Connection closed due to max retry attempts reached.
[W 261002 06:49:20 smartWebSocketV2:342] Connection closed due to max retry attempts reached.
[W 261002 06:49:20 smartWebSocketV2:342] Connection closed due to max retry attempts reached.
[W 261002 06:49:20 smartWebSocketV2:342] Connection closed due to max retry attempts reached.
[W 261002 06:49:20 smartWebSocketV2:342] Connection closed due to max retry attempts reached.
[W 261002 06:50:15 smartWebSocketV2:318] Attempting to resubscribe/reconnect (Attempt 1)...
[W 261002 06:50:25 smartWebSocketV2:318] Attempting to resubscribe/reconnect (Attempt 2)...
[W 261002 06:50:35 smartWebSocketV2:318] Attempting to resubscribe/reconnect (Attempt 3)...
[W 261002 06:50:45 smartWebSocketV2:318] Attempting to resubscribe/reconnect (Attempt 4)...
[W 261002 06:50:55 smartWebSocketV2:318] Attempting to resubscribe/reconnect (Attempt 5)...
[W 261002 06:51:05 smartWebSocketV2:342] Connection closed due to max retry attempts reached.
[W 261002 06:51:05 smartWebSocketV2:342] Connection closed due to max retry attempts reached.
[W 261002 06:51:05 smartWebSocketV2:342] Connection closed due to max retry attempts reached.
[W 261002 06:51:05 smartWebSocketV2:342] Connection closed due to max retry attempts reached.
[W 261002 06:51:05 smartWebSocketV2:342] Connection closed due to max retry attempts reached.
[W 261002 06:51:05 smartWebSocketV2:342] Connection closed due to max retry attempts reached.
[W 261002 06:51:05 smartWebSocketV2:342] Connection closed due to max retry attempts reached.
[W 261002 06:51:29 smartWebSocketV2:318] Attempting to resubscribe/reconnect (Attempt 1)...
[W 261002 06:52:12 smartWebSocketV2:318] Attempting to resubscribe/reconnect (Attempt 1)...
[W 261002 06:55:53 smartWebSocketV2:318] Attempting to resubscribe/reconnect (Attempt 1)...
[W 261002 06:55:53 smartWebSocketV2:318] Attempting to resubscribe/reconnect (Attempt 2)...
[W 261002 06:56:01 smartWebSocketV2:318] Attempting to resubscribe/reconnect (Attempt 1)...
[W 261002 06:56:01 smartWebSocketV2:318] Attempting to resubscribe/reconnect (Attempt 2)...
[W 261002 07:01:15 smartWebSocketV2:318] Attempting to resubscribe/reconnect (Attempt 1)...
[W 261002 07:01:19 smartWebSocketV2:318] Attempting to resubscribe/reconnect (Attempt 2)...
[E 261002 07:06:07 smartConnect:246] Error occurred while making a POST request to https://apiconnect.angelone.in/rest/secure/angelbroking/order/v1/placeOrder. Error: 4.240.39.194 is not a registered IP, please check your registered IP.. URL: https://apiconnect.angelone.in/rest/secure/angelbroking/order/v1/placeOrder, Headers: {'Content-type': 'application/json', 'X-ClientLocalIP': '127.0.0.1', 'X-ClientPublicIP': '106.193.147.98', 'X-MACAddress': '7c:ed:8d:bb:44:6f', 'Accept': 'application/json', 'X-PrivateKey': 'D1JzuHfr', 'X-UserType': 'USER', 'X-SourceID': 'WEB'}, Request: {'variety': 'NORMAL', 'tradingsymbol': 'IDEA-EQ', 'symboltoken': '14366', 'transactiontype': 'BUY', 'exchange': 'NSE', 'ordertype': 'MARKET', 'producttype': 'INTRADAY', 'duration': 'DAY', 'price': '0', 'squareoff': '0', 'stoploss': '0', 'quantity': '1'}, Response: {'success': False, 'message': '4.240.39.194 is not a registered IP, please check your registered IP.', 'errorCode': 'AG7002', 'data': ''}
[E 261002 07:06:07 smartConnect:355] API request failed: {'success': False, 'message': '4.240.39.194 is not a registered IP, please check your registered IP.', 'errorCode': 'AG7002', 'data': ''}
